14:45:39 **** Build of configuration Debug for project sample_netx_duo_ping ****
make -j8 all 
arm-none-eabi-gcc "C:/Users/prithvi.patel/Downloads/Compressed/Azure_RTOS_6.1_STM32L4+-DISCO_STM32CubeIDE_Samples_2021_11_03/b-l4s5i-iot01a/stm32cubeide/common_hardware_code/board_setup.c" -mcpu=cortex-m4 -std=gnu11 -g3 -DSTM32L4PLUS -DSTM32L4S5xx -DSTM32 -DSTM32L4S5VITx -c -I../../stm32l4xx_lib/CMSIS/Device/ST/STM32L4xx/Include -I../../netxduo/nx_secure/inc -I../../netxduo/nx_secure/ports -I../../common_hardware_code -I../../stm32l4xx_lib -I../../stm32l4xx_lib/CMSIS/Include -I../../netxduo/common/inc -I../../netxduo/addons/dns -I../../netxduo/addons/mqtt -I../../netxduo/crypto_libraries/inc -I../../threadx/common/inc -I../../threadx/ports/cortex_m4/gnu/inc -I../../netxduo/ports/cortex_m4/gnu/inc -O0 -ffunction-sections -fdata-sections -Wall -fstack-usage -MMD -MP -MF"common_hardware_code/board_setup.d" -MT"common_hardware_code/board_setup.o" --specs=nano.specs -mfpu=fpv4-sp-d16 -mfloat-abi=hard -mthumb -o "common_hardware_code/board_setup.o"
arm-none-eabi-gcc "C:/Users/prithvi.patel/Downloads/Compressed/Azure_RTOS_6.1_STM32L4+-DISCO_STM32CubeIDE_Samples_2021_11_03/b-l4s5i-iot01a/stm32cubeide/common_hardware_code/es_wifi.c" -mcpu=cortex-m4 -std=gnu11 -g3 -DSTM32L4PLUS -DSTM32L4S5xx -DSTM32 -DSTM32L4S5VITx -c -I../../stm32l4xx_lib/CMSIS/Device/ST/STM32L4xx/Include -I../../netxduo/nx_secure/inc -I../../netxduo/nx_secure/ports -I../../common_hardware_code -I../../stm32l4xx_lib -I../../stm32l4xx_lib/CMSIS/Include -I../../netxduo/common/inc -I../../netxduo/addons/dns -I../../netxduo/addons/mqtt -I../../netxduo/crypto_libraries/inc -I../../threadx/common/inc -I../../threadx/ports/cortex_m4/gnu/inc -I../../netxduo/ports/cortex_m4/gnu/inc -O0 -ffunction-sections -fdata-sections -Wall -fstack-usage -MMD -MP -MF"common_hardware_code/es_wifi.d" -MT"common_hardware_code/es_wifi.o" --specs=nano.specs -mfpu=fpv4-sp-d16 -mfloat-abi=hard -mthumb -o "common_hardware_code/es_wifi.o"
arm-none-eabi-gcc -mcpu=cortex-m4 -g3 -c -x assembler-with-cpp -MMD -MP -MF"common_hardware_code/startup_stm32l4s5vitx.d" -MT"common_hardware_code/startup_stm32l4s5vitx.o" --specs=nano.specs -mfpu=fpv4-sp-d16 -mfloat-abi=hard -mthumb -o "common_hardware_code/startup_stm32l4s5vitx.o" "C:/Users/prithvi.patel/Downloads/Compressed/Azure_RTOS_6.1_STM32L4+-DISCO_STM32CubeIDE_Samples_2021_11_03/b-l4s5i-iot01a/stm32cubeide/common_hardware_code/startup_stm32l4s5vitx.s"
arm-none-eabi-gcc -mcpu=cortex-m4 -g3 -c -x assembler-with-cpp -MMD -MP -MF"common_hardware_code/tx_initialize_low_level.d" -MT"common_hardware_code/tx_initialize_low_level.o" --specs=nano.specs -mfpu=fpv4-sp-d16 -mfloat-abi=hard -mthumb -o "common_hardware_code/tx_initialize_low_level.o" "C:/Users/prithvi.patel/Downloads/Compressed/Azure_RTOS_6.1_STM32L4+-DISCO_STM32CubeIDE_Samples_2021_11_03/b-l4s5i-iot01a/stm32cubeide/common_hardware_code/tx_initialize_low_level.S"
arm-none-eabi-gcc "C:/Users/prithvi.patel/Downloads/Compressed/Azure_RTOS_6.1_STM32L4+-DISCO_STM32CubeIDE_Samples_2021_11_03/b-l4s5i-iot01a/stm32cubeide/common_hardware_code/wifi.c" -mcpu=cortex-m4 -std=gnu11 -g3 -DSTM32L4PLUS -DSTM32L4S5xx -DSTM32 -DSTM32L4S5VITx -c -I../../stm32l4xx_lib/CMSIS/Device/ST/STM32L4xx/Include -I../../netxduo/nx_secure/inc -I../../netxduo/nx_secure/ports -I../../common_hardware_code -I../../stm32l4xx_lib -I../../stm32l4xx_lib/CMSIS/Include -I../../netxduo/common/inc -I../../netxduo/addons/dns -I../../netxduo/addons/mqtt -I../../netxduo/crypto_libraries/inc -I../../threadx/common/inc -I../../threadx/ports/cortex_m4/gnu/inc -I../../netxduo/ports/cortex_m4/gnu/inc -O0 -ffunction-sections -fdata-sections -Wall -fstack-usage -MMD -MP -MF"common_hardware_code/wifi.d" -MT"common_hardware_code/wifi.o" --specs=nano.specs -mfpu=fpv4-sp-d16 -mfloat-abi=hard -mthumb -o "common_hardware_code/wifi.o"
arm-none-eabi-gcc "../nx_driver_stm32l4.c" -mcpu=cortex-m4 -std=gnu11 -g3 -DSTM32L4PLUS -DSTM32L4S5xx -DSTM32 -DSTM32L4S5VITx -c -I../../stm32l4xx_lib/CMSIS/Device/ST/STM32L4xx/Include -I../../netxduo/nx_secure/inc -I../../netxduo/nx_secure/ports -I../../common_hardware_code -I../../stm32l4xx_lib -I../../stm32l4xx_lib/CMSIS/Include -I../../netxduo/common/inc -I../../netxduo/addons/dns -I../../netxduo/addons/mqtt -I../../netxduo/crypto_libraries/inc -I../../threadx/common/inc -I../../threadx/ports/cortex_m4/gnu/inc -I../../netxduo/ports/cortex_m4/gnu/inc -O0 -ffunction-sections -fdata-sections -Wall -fstack-usage -MMD -MP -MF"nx_driver_stm32l4.d" -MT"nx_driver_stm32l4.o" --specs=nano.specs -mfpu=fpv4-sp-d16 -mfloat-abi=hard -mthumb -o "nx_driver_stm32l4.o"
arm-none-eabi-gcc "../sample_netx_duo_ping.c" -mcpu=cortex-m4 -std=gnu11 -g3 -DSTM32L4PLUS -DSTM32L4S5xx -DSTM32 -DSTM32L4S5VITx -c -I../../stm32l4xx_lib/CMSIS/Device/ST/STM32L4xx/Include -I../../netxduo/nx_secure/inc -I../../netxduo/nx_secure/ports -I../../common_hardware_code -I../../stm32l4xx_lib -I../../stm32l4xx_lib/CMSIS/Include -I../../netxduo/common/inc -I../../netxduo/addons/dns -I../../netxduo/addons/mqtt -I../../netxduo/crypto_libraries/inc -I../../threadx/common/inc -I../../threadx/ports/cortex_m4/gnu/inc -I../../netxduo/ports/cortex_m4/gnu/inc -O0 -ffunction-sections -fdata-sections -Wall -fstack-usage -MMD -MP -MF"sample_netx_duo_ping.d" -MT"sample_netx_duo_ping.o" --specs=nano.specs -mfpu=fpv4-sp-d16 -mfloat-abi=hard -mthumb -o "sample_netx_duo_ping.o"
arm-none-eabi-gcc -o "sample_netx_duo_ping.elf" @"objects.list"  -lnetxduo -lthreadx -lstm32l4xx_lib -mcpu=cortex-m4 -T"../../common_hardware_code/STM32L4S5VITX_FLASH.ld" --specs=nosys.specs -Wl,-Map="sample_netx_duo_ping.map" -Wl,--gc-sections -static -L../../netxduo/Debug -L../../stm32l4xx_lib/Debug -L../../threadx/Debug --specs=nano.specs -mfpu=fpv4-sp-d16 -mfloat-abi=hard -mthumb -Wl,--start-group -lc -lm -Wl,--end-group
Finished building target: sample_netx_duo_ping.elf
 
arm-none-eabi-size   sample_netx_duo_ping.elf 
arm-none-eabi-objdump -h -S  sample_netx_duo_ping.elf  > "sample_netx_duo_ping.list"
   text	   data	    bss	    dec	    hex	filename
  70672	    288	  36536	 107496	  1a3e8	sample_netx_duo_ping.elf
Finished building: default.size.stdout
 
Finished building: sample_netx_duo_ping.list
 

14:45:41 Build Finished. 0 errors, 0 warnings. (took 1s.692ms)

