14:45:41 **** Build of configuration Debug for project sample_azure_iot_embedded_sdk_pnp ****
make -j8 all 
arm-none-eabi-gcc "C:/Users/prithvi.patel/Downloads/Compressed/Azure_RTOS_6.1_STM32L4+-DISCO_STM32CubeIDE_Samples_2021_11_03/b-l4s5i-iot01a/stm32cubeide/common_hardware_code/board_setup.c" -mcpu=cortex-m4 -std=gnu11 -g3 -DSTM32L4 '-DSAMPLE_WAIT_OPTION=(20 * NX_IP_PERIODIC_RATE)' -DSTM32L4S5xx -DDEMO_DHCP_DISABLE -DSTM32 -DB_L475E_IOT01A1 -DSTM32L4S5VITx -c -I../../threadx/common/inc -I../../threadx/ports/cortex_m4/gnu/inc -I../../netxduo/ports/cortex_m4/gnu/inc -I../../netxduo/nx_secure/inc -I../../netxduo/nx_secure/ports -I../../netxduo/crypto_libraries/inc -I../../netxduo/common/inc -I../../netxduo/addons/dns -I../../netxduo/addons/mqtt -I../../netxduo/addons/cloud -I../../netxduo/addons/sntp -I../../stm32l4xx_lib/CMSIS/Device/ST/STM32L4xx/Include -I../../stm32l4xx_lib/CMSIS/Include -I../../stm32l4xx_lib -I../../common_hardware_code -I"../../netxduo/addons/azure_iot/azure-sdk-for-c/sdk/inc" -I"../../netxduo/addons/azure_iot" -O0 -ffunction-sections -fdata-sections -Wall -fstack-usage -MMD -MP -MF"common_hardware_code/board_setup.d" -MT"common_hardware_code/board_setup.o" --specs=nano.specs -mfpu=fpv4-sp-d16 -mfloat-abi=hard -mthumb -o "common_hardware_code/board_setup.o"
arm-none-eabi-gcc "C:/Users/prithvi.patel/Downloads/Compressed/Azure_RTOS_6.1_STM32L4+-DISCO_STM32CubeIDE_Samples_2021_11_03/b-l4s5i-iot01a/stm32cubeide/common_hardware_code/es_wifi.c" -mcpu=cortex-m4 -std=gnu11 -g3 -DSTM32L4 '-DSAMPLE_WAIT_OPTION=(20 * NX_IP_PERIODIC_RATE)' -DSTM32L4S5xx -DDEMO_DHCP_DISABLE -DSTM32 -DB_L475E_IOT01A1 -DSTM32L4S5VITx -c -I../../threadx/common/inc -I../../threadx/ports/cortex_m4/gnu/inc -I../../netxduo/ports/cortex_m4/gnu/inc -I../../netxduo/nx_secure/inc -I../../netxduo/nx_secure/ports -I../../netxduo/crypto_libraries/inc -I../../netxduo/common/inc -I../../netxduo/addons/dns -I../../netxduo/addons/mqtt -I../../netxduo/addons/cloud -I../../netxduo/addons/sntp -I../../stm32l4xx_lib/CMSIS/Device/ST/STM32L4xx/Include -I../../stm32l4xx_lib/CMSIS/Include -I../../stm32l4xx_lib -I../../common_hardware_code -I"../../netxduo/addons/azure_iot/azure-sdk-for-c/sdk/inc" -I"../../netxduo/addons/azure_iot" -O0 -ffunction-sections -fdata-sections -Wall -fstack-usage -MMD -MP -MF"common_hardware_code/es_wifi.d" -MT"common_hardware_code/es_wifi.o" --specs=nano.specs -mfpu=fpv4-sp-d16 -mfloat-abi=hard -mthumb -o "common_hardware_code/es_wifi.o"
arm-none-eabi-gcc -mcpu=cortex-m4 -g3 -c -x assembler-with-cpp -MMD -MP -MF"common_hardware_code/startup_stm32l4s5vitx.d" -MT"common_hardware_code/startup_stm32l4s5vitx.o" --specs=nano.specs -mfpu=fpv4-sp-d16 -mfloat-abi=hard -mthumb -o "common_hardware_code/startup_stm32l4s5vitx.o" "C:/Users/prithvi.patel/Downloads/Compressed/Azure_RTOS_6.1_STM32L4+-DISCO_STM32CubeIDE_Samples_2021_11_03/b-l4s5i-iot01a/stm32cubeide/common_hardware_code/startup_stm32l4s5vitx.s"
arm-none-eabi-gcc -mcpu=cortex-m4 -g3 -c -x assembler-with-cpp -MMD -MP -MF"common_hardware_code/tx_initialize_low_level.d" -MT"common_hardware_code/tx_initialize_low_level.o" --specs=nano.specs -mfpu=fpv4-sp-d16 -mfloat-abi=hard -mthumb -o "common_hardware_code/tx_initialize_low_level.o" "C:/Users/prithvi.patel/Downloads/Compressed/Azure_RTOS_6.1_STM32L4+-DISCO_STM32CubeIDE_Samples_2021_11_03/b-l4s5i-iot01a/stm32cubeide/common_hardware_code/tx_initialize_low_level.S"
arm-none-eabi-gcc "C:/Users/prithvi.patel/Downloads/Compressed/Azure_RTOS_6.1_STM32L4+-DISCO_STM32CubeIDE_Samples_2021_11_03/b-l4s5i-iot01a/stm32cubeide/common_hardware_code/wifi.c" -mcpu=cortex-m4 -std=gnu11 -g3 -DSTM32L4 '-DSAMPLE_WAIT_OPTION=(20 * NX_IP_PERIODIC_RATE)' -DSTM32L4S5xx -DDEMO_DHCP_DISABLE -DSTM32 -DB_L475E_IOT01A1 -DSTM32L4S5VITx -c -I../../threadx/common/inc -I../../threadx/ports/cortex_m4/gnu/inc -I../../netxduo/ports/cortex_m4/gnu/inc -I../../netxduo/nx_secure/inc -I../../netxduo/nx_secure/ports -I../../netxduo/crypto_libraries/inc -I../../netxduo/common/inc -I../../netxduo/addons/dns -I../../netxduo/addons/mqtt -I../../netxduo/addons/cloud -I../../netxduo/addons/sntp -I../../stm32l4xx_lib/CMSIS/Device/ST/STM32L4xx/Include -I../../stm32l4xx_lib/CMSIS/Include -I../../stm32l4xx_lib -I../../common_hardware_code -I"../../netxduo/addons/azure_iot/azure-sdk-for-c/sdk/inc" -I"../../netxduo/addons/azure_iot" -O0 -ffunction-sections -fdata-sections -Wall -fstack-usage -MMD -MP -MF"common_hardware_code/wifi.d" -MT"common_hardware_code/wifi.o" --specs=nano.specs -mfpu=fpv4-sp-d16 -mfloat-abi=hard -mthumb -o "common_hardware_code/wifi.o"
arm-none-eabi-gcc "../main.c" -mcpu=cortex-m4 -std=gnu11 -g3 -DSTM32L4 '-DSAMPLE_WAIT_OPTION=(20 * NX_IP_PERIODIC_RATE)' -DSTM32L4S5xx -DDEMO_DHCP_DISABLE -DSTM32 -DB_L475E_IOT01A1 -DSTM32L4S5VITx -c -I../../threadx/common/inc -I../../threadx/ports/cortex_m4/gnu/inc -I../../netxduo/ports/cortex_m4/gnu/inc -I../../netxduo/nx_secure/inc -I../../netxduo/nx_secure/ports -I../../netxduo/crypto_libraries/inc -I../../netxduo/common/inc -I../../netxduo/addons/dns -I../../netxduo/addons/mqtt -I../../netxduo/addons/cloud -I../../netxduo/addons/sntp -I../../stm32l4xx_lib/CMSIS/Device/ST/STM32L4xx/Include -I../../stm32l4xx_lib/CMSIS/Include -I../../stm32l4xx_lib -I../../common_hardware_code -I"../../netxduo/addons/azure_iot/azure-sdk-for-c/sdk/inc" -I"../../netxduo/addons/azure_iot" -O0 -ffunction-sections -fdata-sections -Wall -fstack-usage -MMD -MP -MF"main.d" -MT"main.o" --specs=nano.specs -mfpu=fpv4-sp-d16 -mfloat-abi=hard -mthumb -o "main.o"
arm-none-eabi-gcc "../nx_azure_iot_cert.c" -mcpu=cortex-m4 -std=gnu11 -g3 -DSTM32L4 '-DSAMPLE_WAIT_OPTION=(20 * NX_IP_PERIODIC_RATE)' -DSTM32L4S5xx -DDEMO_DHCP_DISABLE -DSTM32 -DB_L475E_IOT01A1 -DSTM32L4S5VITx -c -I../../threadx/common/inc -I../../threadx/ports/cortex_m4/gnu/inc -I../../netxduo/ports/cortex_m4/gnu/inc -I../../netxduo/nx_secure/inc -I../../netxduo/nx_secure/ports -I../../netxduo/crypto_libraries/inc -I../../netxduo/common/inc -I../../netxduo/addons/dns -I../../netxduo/addons/mqtt -I../../netxduo/addons/cloud -I../../netxduo/addons/sntp -I../../stm32l4xx_lib/CMSIS/Device/ST/STM32L4xx/Include -I../../stm32l4xx_lib/CMSIS/Include -I../../stm32l4xx_lib -I../../common_hardware_code -I"../../netxduo/addons/azure_iot/azure-sdk-for-c/sdk/inc" -I"../../netxduo/addons/azure_iot" -O0 -ffunction-sections -fdata-sections -Wall -fstack-usage -MMD -MP -MF"nx_azure_iot_cert.d" -MT"nx_azure_iot_cert.o" --specs=nano.specs -mfpu=fpv4-sp-d16 -mfloat-abi=hard -mthumb -o "nx_azure_iot_cert.o"
arm-none-eabi-gcc "../nx_azure_iot_ciphersuites.c" -mcpu=cortex-m4 -std=gnu11 -g3 -DSTM32L4 '-DSAMPLE_WAIT_OPTION=(20 * NX_IP_PERIODIC_RATE)' -DSTM32L4S5xx -DDEMO_DHCP_DISABLE -DSTM32 -DB_L475E_IOT01A1 -DSTM32L4S5VITx -c -I../../threadx/common/inc -I../../threadx/ports/cortex_m4/gnu/inc -I../../netxduo/ports/cortex_m4/gnu/inc -I../../netxduo/nx_secure/inc -I../../netxduo/nx_secure/ports -I../../netxduo/crypto_libraries/inc -I../../netxduo/common/inc -I../../netxduo/addons/dns -I../../netxduo/addons/mqtt -I../../netxduo/addons/cloud -I../../netxduo/addons/sntp -I../../stm32l4xx_lib/CMSIS/Device/ST/STM32L4xx/Include -I../../stm32l4xx_lib/CMSIS/Include -I../../stm32l4xx_lib -I../../common_hardware_code -I"../../netxduo/addons/azure_iot/azure-sdk-for-c/sdk/inc" -I"../../netxduo/addons/azure_iot" -O0 -ffunction-sections -fdata-sections -Wall -fstack-usage -MMD -MP -MF"nx_azure_iot_ciphersuites.d" -MT"nx_azure_iot_ciphersuites.o" --specs=nano.specs -mfpu=fpv4-sp-d16 -mfloat-abi=hard -mthumb -o "nx_azure_iot_ciphersuites.o"
arm-none-eabi-gcc "../nx_driver_stm32l4.c" -mcpu=cortex-m4 -std=gnu11 -g3 -DSTM32L4 '-DSAMPLE_WAIT_OPTION=(20 * NX_IP_PERIODIC_RATE)' -DSTM32L4S5xx -DDEMO_DHCP_DISABLE -DSTM32 -DB_L475E_IOT01A1 -DSTM32L4S5VITx -c -I../../threadx/common/inc -I../../threadx/ports/cortex_m4/gnu/inc -I../../netxduo/ports/cortex_m4/gnu/inc -I../../netxduo/nx_secure/inc -I../../netxduo/nx_secure/ports -I../../netxduo/crypto_libraries/inc -I../../netxduo/common/inc -I../../netxduo/addons/dns -I../../netxduo/addons/mqtt -I../../netxduo/addons/cloud -I../../netxduo/addons/sntp -I../../stm32l4xx_lib/CMSIS/Device/ST/STM32L4xx/Include -I../../stm32l4xx_lib/CMSIS/Include -I../../stm32l4xx_lib -I../../common_hardware_code -I"../../netxduo/addons/azure_iot/azure-sdk-for-c/sdk/inc" -I"../../netxduo/addons/azure_iot" -O0 -ffunction-sections -fdata-sections -Wall -fstack-usage -MMD -MP -MF"nx_driver_stm32l4.d" -MT"nx_driver_stm32l4.o" --specs=nano.specs -mfpu=fpv4-sp-d16 -mfloat-abi=hard -mthumb -o "nx_driver_stm32l4.o"
arm-none-eabi-gcc "../sample_azure_iot_embedded_sdk_connect.c" -mcpu=cortex-m4 -std=gnu11 -g3 -DSTM32L4 '-DSAMPLE_WAIT_OPTION=(20 * NX_IP_PERIODIC_RATE)' -DSTM32L4S5xx -DDEMO_DHCP_DISABLE -DSTM32 -DB_L475E_IOT01A1 -DSTM32L4S5VITx -c -I../../threadx/common/inc -I../../threadx/ports/cortex_m4/gnu/inc -I../../netxduo/ports/cortex_m4/gnu/inc -I../../netxduo/nx_secure/inc -I../../netxduo/nx_secure/ports -I../../netxduo/crypto_libraries/inc -I../../netxduo/common/inc -I../../netxduo/addons/dns -I../../netxduo/addons/mqtt -I../../netxduo/addons/cloud -I../../netxduo/addons/sntp -I../../stm32l4xx_lib/CMSIS/Device/ST/STM32L4xx/Include -I../../stm32l4xx_lib/CMSIS/Include -I../../stm32l4xx_lib -I../../common_hardware_code -I"../../netxduo/addons/azure_iot/azure-sdk-for-c/sdk/inc" -I"../../netxduo/addons/azure_iot" -O0 -ffunction-sections -fdata-sections -Wall -fstack-usage -MMD -MP -MF"sample_azure_iot_embedded_sdk_connect.d" -MT"sample_azure_iot_embedded_sdk_connect.o" --specs=nano.specs -mfpu=fpv4-sp-d16 -mfloat-abi=hard -mthumb -o "sample_azure_iot_embedded_sdk_connect.o"
arm-none-eabi-gcc "../sample_azure_iot_embedded_sdk_pnp.c" -mcpu=cortex-m4 -std=gnu11 -g3 -DSTM32L4 '-DSAMPLE_WAIT_OPTION=(20 * NX_IP_PERIODIC_RATE)' -DSTM32L4S5xx -DDEMO_DHCP_DISABLE -DSTM32 -DB_L475E_IOT01A1 -DSTM32L4S5VITx -c -I../../threadx/common/inc -I../../threadx/ports/cortex_m4/gnu/inc -I../../netxduo/ports/cortex_m4/gnu/inc -I../../netxduo/nx_secure/inc -I../../netxduo/nx_secure/ports -I../../netxduo/crypto_libraries/inc -I../../netxduo/common/inc -I../../netxduo/addons/dns -I../../netxduo/addons/mqtt -I../../netxduo/addons/cloud -I../../netxduo/addons/sntp -I../../stm32l4xx_lib/CMSIS/Device/ST/STM32L4xx/Include -I../../stm32l4xx_lib/CMSIS/Include -I../../stm32l4xx_lib -I../../common_hardware_code -I"../../netxduo/addons/azure_iot/azure-sdk-for-c/sdk/inc" -I"../../netxduo/addons/azure_iot" -O0 -ffunction-sections -fdata-sections -Wall -fstack-usage -MMD -MP -MF"sample_azure_iot_embedded_sdk_pnp.d" -MT"sample_azure_iot_embedded_sdk_pnp.o" --specs=nano.specs -mfpu=fpv4-sp-d16 -mfloat-abi=hard -mthumb -o "sample_azure_iot_embedded_sdk_pnp.o"
arm-none-eabi-gcc "../sample_device_identity.c" -mcpu=cortex-m4 -std=gnu11 -g3 -DSTM32L4 '-DSAMPLE_WAIT_OPTION=(20 * NX_IP_PERIODIC_RATE)' -DSTM32L4S5xx -DDEMO_DHCP_DISABLE -DSTM32 -DB_L475E_IOT01A1 -DSTM32L4S5VITx -c -I../../threadx/common/inc -I../../threadx/ports/cortex_m4/gnu/inc -I../../netxduo/ports/cortex_m4/gnu/inc -I../../netxduo/nx_secure/inc -I../../netxduo/nx_secure/ports -I../../netxduo/crypto_libraries/inc -I../../netxduo/common/inc -I../../netxduo/addons/dns -I../../netxduo/addons/mqtt -I../../netxduo/addons/cloud -I../../netxduo/addons/sntp -I../../stm32l4xx_lib/CMSIS/Device/ST/STM32L4xx/Include -I../../stm32l4xx_lib/CMSIS/Include -I../../stm32l4xx_lib -I../../common_hardware_code -I"../../netxduo/addons/azure_iot/azure-sdk-for-c/sdk/inc" -I"../../netxduo/addons/azure_iot" -O0 -ffunction-sections -fdata-sections -Wall -fstack-usage -MMD -MP -MF"sample_device_identity.d" -MT"sample_device_identity.o" --specs=nano.specs -mfpu=fpv4-sp-d16 -mfloat-abi=hard -mthumb -o "sample_device_identity.o"
arm-none-eabi-gcc "../sample_network.c" -mcpu=cortex-m4 -std=gnu11 -g3 -DSTM32L4 '-DSAMPLE_WAIT_OPTION=(20 * NX_IP_PERIODIC_RATE)' -DSTM32L4S5xx -DDEMO_DHCP_DISABLE -DSTM32 -DB_L475E_IOT01A1 -DSTM32L4S5VITx -c -I../../threadx/common/inc -I../../threadx/ports/cortex_m4/gnu/inc -I../../netxduo/ports/cortex_m4/gnu/inc -I../../netxduo/nx_secure/inc -I../../netxduo/nx_secure/ports -I../../netxduo/crypto_libraries/inc -I../../netxduo/common/inc -I../../netxduo/addons/dns -I../../netxduo/addons/mqtt -I../../netxduo/addons/cloud -I../../netxduo/addons/sntp -I../../stm32l4xx_lib/CMSIS/Device/ST/STM32L4xx/Include -I../../stm32l4xx_lib/CMSIS/Include -I../../stm32l4xx_lib -I../../common_hardware_code -I"../../netxduo/addons/azure_iot/azure-sdk-for-c/sdk/inc" -I"../../netxduo/addons/azure_iot" -O0 -ffunction-sections -fdata-sections -Wall -fstack-usage -MMD -MP -MF"sample_network.d" -MT"sample_network.o" --specs=nano.specs -mfpu=fpv4-sp-d16 -mfloat-abi=hard -mthumb -o "sample_network.o"
arm-none-eabi-gcc -o "sample_azure_iot_embedded_sdk_pnp.elf" @"objects.list"  -lnetxduo -lthreadx -lstm32l4xx_lib -mcpu=cortex-m4 -T"../../common_hardware_code/STM32L4S5VITX_FLASH.ld" --specs=nosys.specs -Wl,-Map="sample_azure_iot_embedded_sdk_pnp.map" -Wl,--gc-sections -static -L../../threadx/Debug -L../../netxduo/Debug -L../../stm32l4xx_lib/Debug --specs=nano.specs -mfpu=fpv4-sp-d16 -mfloat-abi=hard -mthumb -u _printf_float -u _scanf_float -Wl,--start-group -lc -lm -Wl,--end-group
Finished building target: sample_azure_iot_embedded_sdk_pnp.elf
 
arm-none-eabi-size   sample_azure_iot_embedded_sdk_pnp.elf 
arm-none-eabi-objdump -h -S  sample_azure_iot_embedded_sdk_pnp.elf  > "sample_azure_iot_embedded_sdk_pnp.list"
   text	   data	    bss	    dec	    hex	filename
 376760	   2568	 110048	 489376	  777a0	sample_azure_iot_embedded_sdk_pnp.elf
Finished building: default.size.stdout
 
Finished building: sample_azure_iot_embedded_sdk_pnp.list
 

14:45:46 Build Finished. 0 errors, 0 warnings. (took 5s.399ms)

